{
  "scope": "Independent finite numerical and rational checks; no submitted code imported",
  "all_six_vertex_tournaments": [
    {
      "n": 6,
      "t": 0.5,
      "tournaments": 32768,
      "BL_labelled": 720,
      "nearly_regular": 2640,
      "lambda0": 5.96094423422211,
      "u": 0.08387932856836211,
      "coefficient": 2.4346507286294873e-05,
      "non_nearly_regular_exclusion_threshold": 0.03147706816218665,
      "bound_violations": 0,
      "repair_cases": 2640,
      "repair_violations": 0,
      "max_returned_distance": 10,
      "repair_example": {
        "bits": 9564,
        "k": 4,
        "adjacent_swaps_V": 2,
        "returned_distance": 4,
        "nearest_distance": 1,
        "gap": 0.0013920828254425643,
        "deficit_divided_by_c": 57.1779273746668
      },
      "smallest_non_BL_gap": 0.0013920828254425643,
      "min_gap_to_certified_c_times_nearest_distance": 57.1779273746668,
      "witness": {
        "bits": 9564,
        "distance_nearest": 1,
        "gap": 0.0013920828254425643,
        "nearly_regular": true
      }
    },
    {
      "n": 6,
      "t": 1.0,
      "tournaments": 32768,
      "BL_labelled": 720,
      "nearly_regular": 2640,
      "lambda0": 5.867936310545236,
      "u": 0.17041766424814556,
      "coefficient": 4.034389811086339e-05,
      "non_nearly_regular_exclusion_threshold": 0.04961769680146674,
      "bound_violations": 0,
      "repair_cases": 2640,
      "repair_violations": 0,
      "max_returned_distance": 10,
      "repair_example": {
        "bits": 7002,
        "k": 4,
        "adjacent_swaps_V": 2,
        "returned_distance": 4,
        "nearest_distance": 1,
        "gap": 0.016595175463502088,
        "deficit_divided_by_c": 411.34288555605656
      },
      "smallest_non_BL_gap": 0.016595175463502088,
      "min_gap_to_certified_c_times_nearest_distance": 411.34288555605656,
      "witness": {
        "bits": 7002,
        "distance_nearest": 1,
        "gap": 0.016595175463502088,
        "nearly_regular": true
      }
    }
  ],
  "exact_weighted_cospectrality": {
    "orders_checked": 24,
    "characteristic_polynomial": "z**4 - 81*z**3/14 + 229*z**2/70 - 57*z/175 - 253/3500",
    "status": "PASS"
  },
  "continuous_box_grids": [
    {
      "m": [
        1,
        2,
        3
      ],
      "gamma": [
        0,
        0,
        0
      ],
      "t": 0.3,
      "points": 125,
      "violations": 0,
      "minimising_grid_points": 6,
      "lambda_min": 3.610351287839997
    },
    {
      "m": [
        0.02,
        1.7,
        20.0
      ],
      "gamma": [
        9.0,
        0.0,
        0.2
      ],
      "t": 0.97,
      "points": 125,
      "violations": 0,
      "minimising_grid_points": 6,
      "lambda_min": 9.004024241446057
    },
    {
      "m": [
        2,
        3,
        5
      ],
      "gamma": [
        0,
        4,
        1
      ],
      "t": 0.01,
      "points": 125,
      "violations": 0,
      "minimising_grid_points": 6,
      "lambda_min": 8.408611785609757
    }
  ],
  "feasibility_example": {
    "transitive_rho": 0.8706616644781489,
    "symmetric_rho": 1.2554784946175692,
    "Phi_at_1_exact": "13/48"
  },
  "section3_endpoint_exception": {
    "n": 2,
    "t": 1,
    "lambda0": 1.0,
    "admissible_strict_u_bound": false
  },
  "elapsed_seconds": 5.052656888961792
}
